// Jest Snapshot v1, https://goo.gl/fbAQLP

exports[`helpers nextTaskPositionForUserIdSubQuery() builds a query for the next position of a task for a user id 1`] = `
[
  [
    "(SELECT coalesce(MAX("order") + 1, 0) as order from tasks where "userId" = :userId)",
    {
      "userId": 1,
    },
  ],
]
`;

exports[`helpers reduceTasksToGroupsByStatus() groups tasks by status 1`] = `
{
  "ARCHIVED": [
    {
      "createdAt": "2022-09-10",
      "id": 3,
      "order": 2,
      "status": "ARCHIVED",
      "title": "Third",
      "updatedAt": "2022-09-10",
      "userId": 1,
    },
  ],
  "DONE": [
    {
      "createdAt": "2022-09-10",
      "id": 1,
      "order": 0,
      "status": "DONE",
      "title": "Some Task",
      "updatedAt": "2022-09-10",
      "userId": 1,
    },
    {
      "createdAt": "2022-09-10",
      "id": 2,
      "order": 1,
      "status": "DONE",
      "title": "Other",
      "updatedAt": "2022-09-10",
      "userId": 1,
    },
    {
      "createdAt": "2022-09-10",
      "id": 5,
      "order": 4,
      "status": "DONE",
      "title": "Fifth",
      "updatedAt": "2022-09-10",
      "userId": 1,
    },
  ],
  "IN_PROGRESS": [
    {
      "createdAt": "2022-09-10",
      "id": 4,
      "order": 3,
      "status": "IN_PROGRESS",
      "title": "Fourth",
      "updatedAt": "2022-09-10",
      "userId": 1,
    },
  ],
  "TO_DO": [],
}
`;
